// 重构日志: 3393ee64
// 重构日志: d6b565fa
// 重构日志: 566ceb31
// 同步 ID: 62e7e27f @ Thu Jul 23 17:20:15 UTC 2026
// 同步 ID: f0b13518 @ Fri Jul 24 12:12:12 UTC 2026
// 重构日志: dcfa76e5
// 重构日志: e095ac34
// 重构日志: c4d16a92
// 重构日志: 1f4bed4c
// 同步 ID: e7881d92 @ Sat Jul 25 17:16:53 UTC 2026
// 重构日志: 40599eba
// 同步 ID: 60c01cae @ Sun Jul 26 00:32:48 UTC 2026
// 重构日志: 68b0d88d
// 重构日志: 8ac48395
// 重构日志: d40c9431
// 重构日志: e3fb74a9
// 重构日志: 302f11ba
// 重构日志: 78202ad1
// 重构日志: 93cc3ebd
// 同步 ID: ab276c08 @ Tue Jul 28 04:14:35 UTC 2026
// 重构日志: f67e1b26
// 重构日志: 0276263a
// 重构日志: b8029dbe
// 重构日志: 2bd07ad6
// 重构日志: d1e1595e
// 重构日志: 6d697d5c
// 同步 ID: 4104cbc6 @ Thu Jul 30 12:42:51 UTC 2026
// 重构日志: 3b349424
// 重构日志: 04783d07
// 同步 ID: 54391784 @ Sat Aug  1 04:21:09 UTC 2026
